=== STEP 1: fetch upstreams ===
From github.com:tindy2013/subconverter
 * branch            master     -> FETCH_HEAD
From ../subconverter-MetaCubeX
 * branch            master     -> FETCH_HEAD
From github.com:Aethersailor/SubConverter-Extended
 * branch            master     -> FETCH_HEAD
branch 'upstream-subconverter' set up to track 'upstream/master'.
branch 'upstream-subconverter-MetaCubeX' set up to track 'metacubex/master'.
branch 'upstream-SubConverter-Extended' set up to track 'subconverter-extended/master'.
=== STEP 2: backup hjsmaster ===
=== STEP 3: integration branch from Extended ===
Switched to a new branch 'integrate/extended-hjs'
=== STEP 4: port hjs customizations ===
=== STEP 5: maxAllowedRulesets 256 ===
=== STEP 6: upstream diff补缺 ===
Applying subexport.cpp Hysteria2 server_ports from hjsmaster-blk...
Patched subexport.cpp
Restored src/handler/interfaces.cpp from hjsmaster-blk
=== STEP 7: commit ===
